Input: 1707542271 405491590 922940738 522992391 -572324557
Output: rra pb ra pb sa pa pa -> 7
Input: -843801573 1472844222 1517995578 1724990358 -1879428499
Output: rra pb pb pa pa -> 5
Input: 327186656 -1798731908 1852895961 -1717526014 1560226534
Output: ra pb ra pb sa pa pa -> 7
Input: -533244308 1053896963 1696386233 611420962 -921127587
Output: rra pb pb rra pa pa -> 6
Input: -491714407 1460866165 -833433397 -2034074767 2082979356
Output: rra rra pb rra pb ra pa pa -> 8
Input: -2021907599 -1587790267 1957670999 -1089757783 1263170783
Output: pb pb ra pa pa -> 5
Input: -893371281 373241467 -438196796 1250945555 2095114709
Output: pb ra pb rra pa pa -> 6
Input: -163061866 1966450339 -536326163 -1813386349 1401522014
Output: rra rra pb rra pb sa pa pa -> 8
Input: -452877122 518042591 -264779110 30756784 -456345411
Output: rra pb pb ra pa pa -> 6
Input: 1853087720 -1170155335 -1449929605 1361486825 144182282
Output: ra ra pb rra pb sa pa pa -> 8
Input: -796350475 597098315 -1420141298 -334185899 1189703673
Output: ra ra pb ra ra pb sa pa pa -> 9
Input: 1619904430 -1326167497 -2118076119 328700506 1457051211
Output: ra ra pb rra pb pa pa -> 7
Input: -383896910 -484948982 -1580657766 1234375579 1239590100
Output: ra ra pb rra pb rra pa pa -> 8
Input: -228819496 -1065428076 -1741642786 -274229469 516931569
Output: ra ra pb rra pb rra sa pa pa -> 9
Input: 214570209 -1643660971 -1168875753 1862390864 1652652342
Output: ra pb pb sa rra pa pa -> 7
Input: -174737939 -2041259373 310112653 -288677235 -1810551229
Output: ra pb ra ra pb rra pa pa -> 8
Input: -325189270 1833087856 -1584613959 1810244531 -638677597
Output: ra ra pb ra pb rra sa pa pa -> 9
Input: 2040894358 1443071023 -2128045669 960503314 2020382274
Output: ra ra pb pb rra pa pa -> 7
Input: -1726937064 686610576 811529894 -494662743 -1683463370
Output: pb rra pb rra pa pa -> 6
Input: -1964126451 -171477143 -1007125052 2049795247 1692294853
Output: pb ra pb sa rra pa pa -> 7
Input: 886165063 1338277115 277101609 -494790804 -607837606
Output: rra pb rra pb rra pa pa -> 7
Input: -1153190307 -677561819 -1184606003 104540473 1732068818
Output: ra ra pb ra ra pb pa pa -> 8
Input: 116099433 -1007076657 -1865528059 -1469501271 1792254274
Output: ra ra pb pb sa rra pa pa -> 8
Input: 1817945338 219794017 -171367676 -657467921 934786955
Output: rra rra pb rra pb rra pa pa -> 8
Input: 187877875 -2099783887 1885328117 237910544 2041302529
Output: ra pb rra pb sa pa pa -> 7
Input: -2023806028 1062431702 -315950749 1699831294 -1245900034
Output: pb rra pb sa pa pa -> 6
Input: 12096029 433657696 -743066422 -1597252708 1778687888
Output: rra rra pb rra pb ra pa pa -> 8
Input: 1811484269 1223949349 2086786398 -2062798509 -674199438
Output: rra rra pb pb sa pa pa -> 7
Input: -166001002 -579605293 1480514993 1708155758 588066965
Output: ra pb rra pb rra pa pa -> 7
Input: 1760738241 857918875 2029378954 -94316861 -1201614567
Output: rra pb rra pb sa pa pa -> 7
Input: -1790535593 -318414696 -1174786943 -267236588 723384113
Output: pb ra pb rra pa pa -> 6
Input: 1529082529 -983653959 -699676240 -684801259 1787657562
Output: ra pb pb rra sa pa pa -> 7
Input: -763538829 -119931483 714983431 249176889 107186969
Output: pb pb sa rra pa pa -> 6
Input: 730354377 1014576494 25198564 -51285501 -1794187195
Output: rra pb rra pb rra pa pa -> 7
Input: 1903499431 -2145442761 1418262657 -1488273767 -134313546
Output: ra pb ra pb rra sa pa pa -> 8
Input: 2064046891 1689308559 486748691 -709676690 -847299066
Output: rra pb rra pb sa rra pa pa -> 8
Input: 1905622840 1157355326 -595255447 -731401042 1811196577
Output: rra rra pb rra pb rra pa pa -> 8
Input: 1936650480 -78852556 2041027484 244573135 -221678064
Output: rra pb ra pb ra pa pa -> 7
Input: -1768357859 1585703670 488741704 -1482049128 -1371653279
Output: pb ra ra pb rra sa pa pa -> 8
Input: 416827328 1725807061 1119817315 2007131456 1280916503
Output: pb ra pb ra pa pa -> 6
Input: 463662980 -1879470868 424498240 240584353 70984733
Output: ra pb ra ra pb sa rra pa pa -> 9
Input: 564887691 -606959542 -1609093976 1770929546 75224511
Output: ra ra pb rra pb ra pa pa -> 8
Input: -1677153996 -1140904075 -2122513607 1303376521 1397065747
Output: ra ra pb ra ra pb pa pa -> 8
Input: -1076771659 1313961780 -1571707410 1143168363 -1450564535
Output: ra ra pb ra pb rra sa pa pa -> 9
Input: -1944373728 -1537474433 -1089702424 764285374 1792331259
Output:  -> 1
Input: 1842501445 -1374831966 541157868 -88370814 -379435304
Output: ra pb ra ra pb sa rra pa pa -> 9
Input: -1469532026 -2047314017 971104440 -1249260902 761234535
Output: ra pb rra pb ra pa pa -> 7
Input: -1810589653 -530540100 -1519978588 1707227068 -1856096244
Output: rra pb pb sa pa pa -> 6
Input: 1741608775 1149623270 -547963197 -1164646009 -948308832
Output: rra rra pb pb sa rra pa pa -> 8
Input: -1685511914 496039954 -2127054148 -1226606026 -20955695
Output: ra ra pb ra ra pb ra pa pa -> 9
Input: 27043476 -324015372 270759077 1075412441 -1094418145
Output: rra pb ra pb rra pa pa -> 7
Input: -2019538252 325427688 401698821 1924695025 -1418507363
Output: pb rra pb pa pa -> 5
Input: 1808828983 711135215 1690064233 757366608 -1890022725
Output: rra pb ra pb sa pa pa -> 7
Input: -1982412671 582473354 -748663850 -271207489 -115353130
Output: pb ra pb pa pa -> 5
Input: -1088195593 730563494 -1411648083 -917736660 -2098499324
Output: rra pb ra ra pb sa pa pa -> 8
Input: -2000242489 901337188 452755512 1935042661 783836733
Output: pb ra pb ra pa pa -> 6
Input: 877189998 266026704 502193 956226709 -1945332239
Output: rra pb ra ra pb sa rra pa pa -> 9
Input: -97841111 1956297879 658290026 1021639313 -373758457
Output: rra pb pb ra pa pa -> 6
Input: -1016229295 -1740018074 -890206611 2038377774 -808725847
Output: ra pb rra pb rra sa pa pa -> 8
Input: -275955161 2073125742 -1538694304 -870339472 2077106497
Output: ra ra pb pb ra pa pa -> 7
Input: -1524800215 -1626031203 1201989108 -344915460 -104603331
Output: ra pb rra pb ra pa pa -> 7
Input: -668536226 -1549463859 496757680 -1255915372 1550041842
Output: ra pb ra pb ra pa pa -> 7
Input: 781237064 -29622277 1723870593 -523440191 1570911576
Output: rra rra pb ra ra pb sa rra pa pa -> 10
Input: 1252243341 1366019884 -553684640 -1385199952 913858910
Output: rra rra pb rra pb pa pa -> 7
Input: 212788675 -576143344 1472201728 -1240030870 684430769
Output: rra rra pb ra ra pb sa rra pa pa -> 10
Input: 36316780 -854290436 -105414412 -458007612 1368221006
Output: ra pb ra pb sa rra pa pa -> 8
Input: -987006092 519056824 -583135877 310782640 -1566159139
Output: rra pb pb ra pa pa -> 6
Input: 700772157 2136204847 -1999583899 638312728 1358249086
Output: ra ra pb pb sa pa pa -> 7
Input: -1250326097 1523125834 611083977 1710859695 1927508825
Output: pb ra pb rra pa pa -> 6
Input: -169469459 -1159263034 229280371 128184007 1306746217
Output: ra pb rra pb sa pa pa -> 7
Input: -1662294820 -1988375375 821098505 -645550440 1986960944
Output: ra pb rra pb sa pa pa -> 7
Input: 1893773068 752548139 -462536773 1722575276 341080120
Output: ra ra pb ra pb ra pa pa -> 8
Input: 1396908997 1642661695 -1111297004 712081155 -725699334
Output: ra ra pb ra pb rra pa pa -> 8
Input: 49843126 -1128320665 1209207621 -2038483604 2088242530
Output: rra rra pb ra ra pb rra pa pa -> 9
Input: 57160168 -1463140304 1332550129 -1711695420 -1398854703
Output: rra rra pb ra ra pb ra pa pa -> 9
Input: -1878398144 -1213373660 -1605608105 -329128971 2109618413
Output: pb ra pb rra pa pa -> 6
Input: 1418516898 -1094955049 -1369081074 169339864 -1924477595
Output: rra pb ra ra pb rra pa pa -> 8
Input: 1018565073 1416952017 1913644791 1911137447 720047419
Output: rra pb pb rra sa pa pa -> 7
Input: 346746004 1124553297 -1992261305 2053564160 1026059001
Output: ra ra pb ra ra pb rra pa pa -> 9
Input: -954228808 2111502831 248162204 1697977137 -498710500
Output: pb rra pb ra pa pa -> 6
Input: -1541096985 -1057750161 -1765339918 -1471139321 1664167180
Output: ra ra pb ra ra pb sa pa pa -> 9
Input: -703230996 -1945385619 810650290 457660687 -383730557
Output: ra pb rra pb sa rra pa pa -> 8
Input: -2037363337 -2018047284 -29819419 -2039811157 -847790308
Output: rra rra pb ra pb rra sa pa pa -> 9
Input: -556587544 1398260204 -1226435872 1396189271 -189527356
Output: ra ra pb ra ra pb sa rra pa pa -> 10
Input: -1081012124 -417694824 -1658337226 737968122 1044155041
Output: ra ra pb ra ra pb pa pa -> 8
Input: 1897682582 -142260003 -2106148354 87117840 -1843567370
Output: ra ra pb ra pb ra pa pa -> 8
Input: 1158641690 -382146117 1403885316 1937171913 306167043
Output: ra pb ra ra pb pa pa -> 7
Input: -2053788663 1370326915 -850892326 1178430471 1268999340
Output: pb ra pb pa pa -> 5
Input: -299611313 2130206736 -1099804779 -370035165 380993918
Output: ra ra pb pb sa pa pa -> 7
Input: 546731412 1569651251 -500475022 821730150 -2033640466
Output: rra pb ra ra pb sa pa pa -> 8
Input: 435576322 -1583197416 -973644535 -645441852 -823381116
Output: ra pb pb sa pa pa -> 6
Input: -1137788819 -1872415821 1086375240 59991213 143175897
Output: ra pb rra pb ra pa pa -> 7
Input: -1957115891 -2070942602 878909837 -724989018 -1314061222
Output: ra pb rra pb sa rra pa pa -> 8
Input: 563960827 392404135 434678971 440223981 610448876
Output: ra pb pb rra sa pa pa -> 7
Input: 2121804034 574577533 -535327828 -693910644 -2073141253
Output: rra pb rra pb sa rra pa pa -> 8
Input: 628756889 -1002879509 1735853682 1113033519 -409767137
Output: ra pb ra ra pb rra sa pa pa -> 9
Input: 1588537724 -799897318 -1570864972 35405164 -1684714316
Output: rra pb ra ra pb rra pa pa -> 8
Input: -1685873137 -1474526324 156891627 -2078180203 -1932892490
Output: rra rra pb pb pa pa -> 6
Input: -655988788 520082407 2016535259 -1929747230 -1281316701
Output: rra rra pb pb pa pa -> 6
Input: -836836140 64396307 -2004437768 -486615373 -923923270
Output: ra ra pb ra pb rra sa pa pa -> 9
